[sub(1, 1), 30420]
[hdl9, hdl398]
[hdl9, hdl396]
[hdl9, hdl395]
[hdl9, hdl394]
[hdl9, hdl393]
[hdl9, hdl392]
[hdl9, hdl391]
[hdl9, hdl390]
[hdl9, hdl389]
[hdl9, hdl388]
[hdl9, hdl387]
[hdl9, hdl386]
[hdl9, hdl385]
[hdl9, hdl383]
[hdl9, hdl382]
[hdl9, hdl378]
[hdl9, hdl377]
[hdl9, hdl376]
[hdl9, hdl374]
[hdl9, hdl373]
[hdl9, hdl372]
[hdl9, hdl369]
[hdl9, hdl368]
[hdl9, hdl365]
[hdl9, hdl363]
[hdl9, hdl362]
[hdl9, hdl359]
[hdl9, hdl358]
[hdl9, hdl357]
[hdl9, hdl356]
[hdl9, hdl355]
[hdl9, hdl354]
[hdl9, hdl353]
[hdl9, hdl352]
[hdl9, hdl351]
[hdl9, hdl349]
[hdl9, hdl347]
[hdl9, hdl346]
[hdl9, hdl345]
[hdl9, hdl343]
[hdl9, hdl342]
[hdl9, hdl341]
[hdl9, hdl340]
[hdl9, hdl339]
[hdl9, hdl338]
[hdl9, hdl337]
[hdl9, hdl336]
[hdl9, hdl335]
[hdl9, hdl333]
[hdl9, hdl330]
[hdl9, hdl329]
[hdl9, hdl327]
[hdl9, hdl326]
[hdl9, hdl325]
[hdl9, hdl323]
[hdl9, hdl322]
[hdl9, hdl321]
[hdl9, hdl320]
[hdl9, hdl319]
[hdl9, hdl316]
[hdl9, hdl315]
[hdl9, hdl314]
[hdl9, hdl313]
[hdl9, hdl310]
[hdl9, hdl308]
[hdl9, hdl307]
[hdl9, hdl306]
[hdl9, hdl305]
[hdl9, hdl300]
[hdl9, hdl299]
[hdl9, hdl298]
[hdl9, hdl296]
[hdl9, hdl294]
[hdl9, hdl293]
[hdl9, hdl292]
[hdl9, hdl291]
[hdl9, hdl290]
[hdl9, hdl288]
[hdl9, hdl286]
[hdl9, hdl282]
[hdl9, hdl281]
[hdl9, hdl280]
[hdl9, hdl279]
[hdl9, hdl275]
[hdl9, hdl274]
[hdl9, hdl271]
[hdl9, hdl270]
[hdl9, hdl269]
[hdl9, hdl266]
[hdl9, hdl265]
[hdl9, hdl263]
[hdl9, hdl261]
[hdl9, hdl260]
[hdl9, hdl258]
[hdl9, hdl257]
[hdl9, hdl256]
[hdl9, hdl255]
[hdl9, hdl253]
[hdl9, hdl252]
[hdl9, hdl251]
[hdl9, hdl249]
[hdl9, hdl247]
[hdl9, hdl245]
[hdl9, hdl242]
[hdl9, hdl241]
[hdl9, hdl238]
[hdl9, hdl237]
[hdl9, hdl235]
[hdl9, hdl231]
[hdl9, hdl230]
[hdl9, hdl228]
[hdl9, hdl223]
[hdl9, hdl222]
[hdl9, hdl221]
[hdl9, hdl219]
[hdl9, hdl218]
[hdl9, hdl216]
[hdl9, hdl215]
[hdl9, hdl214]
[hdl9, hdl210]
[hdl9, hdl209]
[hdl9, hdl208]
[hdl9, hdl207]
[hdl9, hdl206]
[hdl9, hdl205]
[hdl9, hdl204]
[hdl9, hdl203]
[hdl9, hdl200]
[hdl9, hdl199]
[hdl9, hdl198]
[hdl9, hdl197]
[hdl9, hdl196]
[hdl9, hdl195]
[hdl9, hdl194]
[hdl9, hdl193]
[hdl9, hdl192]
[hdl9, hdl191]
[hdl9, hdl190]
[hdl9, hdl186]
[hdl9, hdl178]
[hdl9, hdl177]
[hdl9, hdl176]
[hdl9, hdl174]
[hdl9, hdl173]
[hdl9, hdl172]
[hdl9, hdl171]
[hdl9, hdl170]
[hdl9, hdl168]
[hdl9, hdl163]
[hdl9, hdl162]
[hdl9, hdl161]
[hdl9, hdl160]
[hdl9, hdl155]
[hdl9, hdl152]
[hdl9, hdl150]
[hdl9, hdl148]
[hdl9, hdl144]
[hdl9, hdl143]
[hdl9, hdl142]
[hdl9, hdl138]
[hdl9, hdl136]
[hdl9, hdl134]
[hdl9, hdl132]
[hdl9, hdl131]
[hdl9, hdl130]
[hdl9, hdl128]
[hdl9, hdl126]
[hdl9, hdl120]
[hdl9, hdl119]
[hdl9, hdl117]
[hdl9, hdl114]
[hdl9, hdl113]
[hdl9, hdl112]
[hdl9, hdl111]
[hdl9, hdl109]
[hdl9, hdl108]
[hdl9, hdl107]
[hdl9, hdl101]
[hdl9, hdl100]
[hdl9, hdl95]
[hdl9, hdl94]
[hdl9, hdl90]
[hdl9, hdl89]
[hdl9, hdl85]
[hdl9, hdl80]
[hdl9, hdl78]
[hdl9, hdl77]
[hdl9, hdl76]
[hdl9, hdl74]
[hdl9, hdl69]
[hdl9, hdl67]
[hdl9, hdl66]
[hdl9, hdl62]
[hdl9, hdl56]
[hdl9, hdl55]
[hdl9, hdl48]
[hdl9, hdl44]
[hdl9, hdl42]
[hdl9, hdl39]
[hdl9, hdl36]
[hdl9, hdl35]
[hdl9, hdl31]
[hdl9, hdl28]
[hdl9, hdl25]
[hdl9, hdl24]
[hdl9, hdl21]
[hdl9, hdl20]
[hdl9, hdl19]
[hdl9, hdl18]
[hdl9, hdl16]
[hdl9, hdl15]

[sub(1, 1), 30420]
(\ref{[sub(1, 1), 30420]})
(\ref{[sub(1, 1), 30420]})
[hdl9, hdl398]
(\ref{[hdl9, hdl398]})
(\ref{[hdl9, hdl398]})
[hdl9, hdl396]
(\ref{[hdl9, hdl396]})
(\ref{[hdl9, hdl396]})
[hdl9, hdl395]
(\ref{[hdl9, hdl395]})
(\ref{[hdl9, hdl395]})
[hdl9, hdl394]
(\ref{[hdl9, hdl394]})
(\ref{[hdl9, hdl394]})
[hdl9, hdl393]
(\ref{[hdl9, hdl393]})
(\ref{[hdl9, hdl393]})
[hdl9, hdl392]
(\ref{[hdl9, hdl392]})
(\ref{[hdl9, hdl392]})
[hdl9, hdl391]
(\ref{[hdl9, hdl391]})
(\ref{[hdl9, hdl391]})
[hdl9, hdl390]
(\ref{[hdl9, hdl390]})
(\ref{[hdl9, hdl390]})
[hdl9, hdl389]
(\ref{[hdl9, hdl389]})
(\ref{[hdl9, hdl389]})
[hdl9, hdl388]
(\ref{[hdl9, hdl388]})
(\ref{[hdl9, hdl388]})
[hdl9, hdl387]
(\ref{[hdl9, hdl387]})
(\ref{[hdl9, hdl387]})
[hdl9, hdl386]
(\ref{[hdl9, hdl386]})
(\ref{[hdl9, hdl386]})
[hdl9, hdl385]
(\ref{[hdl9, hdl385]})
(\ref{[hdl9, hdl385]})
[hdl9, hdl383]
(\ref{[hdl9, hdl383]})
(\ref{[hdl9, hdl383]})
[hdl9, hdl382]
(\ref{[hdl9, hdl382]})
(\ref{[hdl9, hdl382]})
[hdl9, hdl378]
(\ref{[hdl9, hdl378]})
(\ref{[hdl9, hdl378]})
[hdl9, hdl377]
(\ref{[hdl9, hdl377]})
(\ref{[hdl9, hdl377]})
[hdl9, hdl376]
(\ref{[hdl9, hdl376]})
(\ref{[hdl9, hdl376]})
[hdl9, hdl374]
(\ref{[hdl9, hdl374]})
(\ref{[hdl9, hdl374]})
[hdl9, hdl373]
(\ref{[hdl9, hdl373]})
(\ref{[hdl9, hdl373]})
[hdl9, hdl372]
(\ref{[hdl9, hdl372]})
(\ref{[hdl9, hdl372]})
[hdl9, hdl369]
(\ref{[hdl9, hdl369]})
(\ref{[hdl9, hdl369]})
[hdl9, hdl368]
(\ref{[hdl9, hdl368]})
(\ref{[hdl9, hdl368]})
[hdl9, hdl365]
(\ref{[hdl9, hdl365]})
(\ref{[hdl9, hdl365]})
[hdl9, hdl363]
(\ref{[hdl9, hdl363]})
(\ref{[hdl9, hdl363]})
[hdl9, hdl362]
(\ref{[hdl9, hdl362]})
(\ref{[hdl9, hdl362]})
[hdl9, hdl359]
(\ref{[hdl9, hdl359]})
(\ref{[hdl9, hdl359]})
[hdl9, hdl358]
(\ref{[hdl9, hdl358]})
(\ref{[hdl9, hdl358]})
[hdl9, hdl357]
(\ref{[hdl9, hdl357]})
(\ref{[hdl9, hdl357]})
[hdl9, hdl356]
(\ref{[hdl9, hdl356]})
(\ref{[hdl9, hdl356]})
[hdl9, hdl355]
(\ref{[hdl9, hdl355]})
(\ref{[hdl9, hdl355]})
[hdl9, hdl354]
(\ref{[hdl9, hdl354]})
(\ref{[hdl9, hdl354]})
[hdl9, hdl353]
(\ref{[hdl9, hdl353]})
(\ref{[hdl9, hdl353]})
[hdl9, hdl352]
(\ref{[hdl9, hdl352]})
(\ref{[hdl9, hdl352]})
[hdl9, hdl351]
(\ref{[hdl9, hdl351]})
(\ref{[hdl9, hdl351]})
[hdl9, hdl349]
(\ref{[hdl9, hdl349]})
(\ref{[hdl9, hdl349]})
[hdl9, hdl347]
(\ref{[hdl9, hdl347]})
(\ref{[hdl9, hdl347]})
[hdl9, hdl346]
(\ref{[hdl9, hdl346]})
(\ref{[hdl9, hdl346]})
[hdl9, hdl345]
(\ref{[hdl9, hdl345]})
(\ref{[hdl9, hdl345]})
[hdl9, hdl343]
(\ref{[hdl9, hdl343]})
(\ref{[hdl9, hdl343]})
[hdl9, hdl342]
(\ref{[hdl9, hdl342]})
(\ref{[hdl9, hdl342]})
[hdl9, hdl341]
(\ref{[hdl9, hdl341]})
(\ref{[hdl9, hdl341]})
[hdl9, hdl340]
(\ref{[hdl9, hdl340]})
(\ref{[hdl9, hdl340]})
[hdl9, hdl339]
(\ref{[hdl9, hdl339]})
(\ref{[hdl9, hdl339]})
[hdl9, hdl338]
(\ref{[hdl9, hdl338]})
(\ref{[hdl9, hdl338]})
[hdl9, hdl337]
(\ref{[hdl9, hdl337]})
(\ref{[hdl9, hdl337]})
[hdl9, hdl336]
(\ref{[hdl9, hdl336]})
(\ref{[hdl9, hdl336]})
[hdl9, hdl335]
(\ref{[hdl9, hdl335]})
(\ref{[hdl9, hdl335]})
[hdl9, hdl333]
(\ref{[hdl9, hdl333]})
(\ref{[hdl9, hdl333]})
[hdl9, hdl330]
(\ref{[hdl9, hdl330]})
(\ref{[hdl9, hdl330]})
[hdl9, hdl329]
(\ref{[hdl9, hdl329]})
(\ref{[hdl9, hdl329]})
[hdl9, hdl327]
(\ref{[hdl9, hdl327]})
(\ref{[hdl9, hdl327]})
[hdl9, hdl326]
(\ref{[hdl9, hdl326]})
(\ref{[hdl9, hdl326]})
[hdl9, hdl325]
(\ref{[hdl9, hdl325]})
(\ref{[hdl9, hdl325]})
[hdl9, hdl323]
(\ref{[hdl9, hdl323]})
(\ref{[hdl9, hdl323]})
[hdl9, hdl322]
(\ref{[hdl9, hdl322]})
(\ref{[hdl9, hdl322]})
[hdl9, hdl321]
(\ref{[hdl9, hdl321]})
(\ref{[hdl9, hdl321]})
[hdl9, hdl320]
(\ref{[hdl9, hdl320]})
(\ref{[hdl9, hdl320]})
[hdl9, hdl319]
(\ref{[hdl9, hdl319]})
(\ref{[hdl9, hdl319]})
[hdl9, hdl316]
(\ref{[hdl9, hdl316]})
(\ref{[hdl9, hdl316]})
[hdl9, hdl315]
(\ref{[hdl9, hdl315]})
(\ref{[hdl9, hdl315]})
[hdl9, hdl314]
(\ref{[hdl9, hdl314]})
(\ref{[hdl9, hdl314]})
[hdl9, hdl313]
(\ref{[hdl9, hdl313]})
(\ref{[hdl9, hdl313]})
[hdl9, hdl310]
(\ref{[hdl9, hdl310]})
(\ref{[hdl9, hdl310]})
[hdl9, hdl308]
(\ref{[hdl9, hdl308]})
(\ref{[hdl9, hdl308]})
[hdl9, hdl307]
(\ref{[hdl9, hdl307]})
(\ref{[hdl9, hdl307]})
[hdl9, hdl306]
(\ref{[hdl9, hdl306]})
(\ref{[hdl9, hdl306]})
[hdl9, hdl305]
(\ref{[hdl9, hdl305]})
(\ref{[hdl9, hdl305]})
[hdl9, hdl300]
(\ref{[hdl9, hdl300]})
(\ref{[hdl9, hdl300]})
[hdl9, hdl299]
(\ref{[hdl9, hdl299]})
(\ref{[hdl9, hdl299]})
[hdl9, hdl298]
(\ref{[hdl9, hdl298]})
(\ref{[hdl9, hdl298]})
[hdl9, hdl296]
(\ref{[hdl9, hdl296]})
(\ref{[hdl9, hdl296]})
[hdl9, hdl294]
(\ref{[hdl9, hdl294]})
(\ref{[hdl9, hdl294]})
[hdl9, hdl293]
(\ref{[hdl9, hdl293]})
(\ref{[hdl9, hdl293]})
[hdl9, hdl292]
(\ref{[hdl9, hdl292]})
(\ref{[hdl9, hdl292]})
[hdl9, hdl291]
(\ref{[hdl9, hdl291]})
(\ref{[hdl9, hdl291]})
[hdl9, hdl290]
(\ref{[hdl9, hdl290]})
(\ref{[hdl9, hdl290]})
[hdl9, hdl288]
(\ref{[hdl9, hdl288]})
(\ref{[hdl9, hdl288]})
[hdl9, hdl286]
(\ref{[hdl9, hdl286]})
(\ref{[hdl9, hdl286]})
[hdl9, hdl282]
(\ref{[hdl9, hdl282]})
(\ref{[hdl9, hdl282]})
[hdl9, hdl281]
(\ref{[hdl9, hdl281]})
(\ref{[hdl9, hdl281]})
[hdl9, hdl280]
(\ref{[hdl9, hdl280]})
(\ref{[hdl9, hdl280]})
[hdl9, hdl279]
(\ref{[hdl9, hdl279]})
(\ref{[hdl9, hdl279]})
[hdl9, hdl275]
(\ref{[hdl9, hdl275]})
(\ref{[hdl9, hdl275]})
[hdl9, hdl274]
(\ref{[hdl9, hdl274]})
(\ref{[hdl9, hdl274]})
[hdl9, hdl271]
(\ref{[hdl9, hdl271]})
(\ref{[hdl9, hdl271]})
[hdl9, hdl270]
(\ref{[hdl9, hdl270]})
(\ref{[hdl9, hdl270]})
[hdl9, hdl269]
(\ref{[hdl9, hdl269]})
(\ref{[hdl9, hdl269]})
[hdl9, hdl266]
(\ref{[hdl9, hdl266]})
(\ref{[hdl9, hdl266]})
[hdl9, hdl265]
(\ref{[hdl9, hdl265]})
(\ref{[hdl9, hdl265]})
[hdl9, hdl263]
(\ref{[hdl9, hdl263]})
(\ref{[hdl9, hdl263]})
[hdl9, hdl261]
(\ref{[hdl9, hdl261]})
(\ref{[hdl9, hdl261]})
[hdl9, hdl260]
(\ref{[hdl9, hdl260]})
(\ref{[hdl9, hdl260]})
[hdl9, hdl258]
(\ref{[hdl9, hdl258]})
(\ref{[hdl9, hdl258]})
[hdl9, hdl257]
(\ref{[hdl9, hdl257]})
(\ref{[hdl9, hdl257]})
[hdl9, hdl256]
(\ref{[hdl9, hdl256]})
(\ref{[hdl9, hdl256]})
[hdl9, hdl255]
(\ref{[hdl9, hdl255]})
(\ref{[hdl9, hdl255]})
[hdl9, hdl253]
(\ref{[hdl9, hdl253]})
(\ref{[hdl9, hdl253]})
[hdl9, hdl252]
(\ref{[hdl9, hdl252]})
(\ref{[hdl9, hdl252]})
[hdl9, hdl251]
(\ref{[hdl9, hdl251]})
(\ref{[hdl9, hdl251]})
[hdl9, hdl249]
(\ref{[hdl9, hdl249]})
(\ref{[hdl9, hdl249]})
[hdl9, hdl247]
(\ref{[hdl9, hdl247]})
(\ref{[hdl9, hdl247]})
[hdl9, hdl245]
(\ref{[hdl9, hdl245]})
(\ref{[hdl9, hdl245]})
[hdl9, hdl242]
(\ref{[hdl9, hdl242]})
(\ref{[hdl9, hdl242]})
[hdl9, hdl241]
(\ref{[hdl9, hdl241]})
(\ref{[hdl9, hdl241]})
[hdl9, hdl238]
(\ref{[hdl9, hdl238]})
(\ref{[hdl9, hdl238]})
[hdl9, hdl237]
(\ref{[hdl9, hdl237]})
(\ref{[hdl9, hdl237]})
[hdl9, hdl235]
(\ref{[hdl9, hdl235]})
(\ref{[hdl9, hdl235]})
[hdl9, hdl231]
(\ref{[hdl9, hdl231]})
(\ref{[hdl9, hdl231]})
[hdl9, hdl230]
(\ref{[hdl9, hdl230]})
(\ref{[hdl9, hdl230]})
[hdl9, hdl228]
(\ref{[hdl9, hdl228]})
(\ref{[hdl9, hdl228]})
[hdl9, hdl223]
(\ref{[hdl9, hdl223]})
(\ref{[hdl9, hdl223]})
[hdl9, hdl222]
(\ref{[hdl9, hdl222]})
(\ref{[hdl9, hdl222]})
[hdl9, hdl221]
(\ref{[hdl9, hdl221]})
(\ref{[hdl9, hdl221]})
[hdl9, hdl219]
(\ref{[hdl9, hdl219]})
(\ref{[hdl9, hdl219]})
[hdl9, hdl218]
(\ref{[hdl9, hdl218]})
(\ref{[hdl9, hdl218]})
[hdl9, hdl216]
(\ref{[hdl9, hdl216]})
(\ref{[hdl9, hdl216]})
[hdl9, hdl215]
(\ref{[hdl9, hdl215]})
(\ref{[hdl9, hdl215]})
[hdl9, hdl214]
(\ref{[hdl9, hdl214]})
(\ref{[hdl9, hdl214]})
[hdl9, hdl210]
(\ref{[hdl9, hdl210]})
(\ref{[hdl9, hdl210]})
[hdl9, hdl209]
(\ref{[hdl9, hdl209]})
(\ref{[hdl9, hdl209]})
[hdl9, hdl208]
(\ref{[hdl9, hdl208]})
(\ref{[hdl9, hdl208]})
[hdl9, hdl207]
(\ref{[hdl9, hdl207]})
(\ref{[hdl9, hdl207]})
[hdl9, hdl206]
(\ref{[hdl9, hdl206]})
(\ref{[hdl9, hdl206]})
[hdl9, hdl205]
(\ref{[hdl9, hdl205]})
(\ref{[hdl9, hdl205]})
[hdl9, hdl204]
(\ref{[hdl9, hdl204]})
(\ref{[hdl9, hdl204]})
[hdl9, hdl203]
(\ref{[hdl9, hdl203]})
(\ref{[hdl9, hdl203]})
[hdl9, hdl200]
(\ref{[hdl9, hdl200]})
(\ref{[hdl9, hdl200]})
[hdl9, hdl199]
(\ref{[hdl9, hdl199]})
(\ref{[hdl9, hdl199]})
[hdl9, hdl198]
(\ref{[hdl9, hdl198]})
(\ref{[hdl9, hdl198]})
[hdl9, hdl197]
(\ref{[hdl9, hdl197]})
(\ref{[hdl9, hdl197]})
[hdl9, hdl196]
(\ref{[hdl9, hdl196]})
(\ref{[hdl9, hdl196]})
[hdl9, hdl195]
(\ref{[hdl9, hdl195]})
(\ref{[hdl9, hdl195]})
[hdl9, hdl194]
(\ref{[hdl9, hdl194]})
(\ref{[hdl9, hdl194]})
[hdl9, hdl193]
(\ref{[hdl9, hdl193]})
(\ref{[hdl9, hdl193]})
[hdl9, hdl192]
(\ref{[hdl9, hdl192]})
(\ref{[hdl9, hdl192]})
[hdl9, hdl191]
(\ref{[hdl9, hdl191]})
(\ref{[hdl9, hdl191]})
[hdl9, hdl190]
(\ref{[hdl9, hdl190]})
(\ref{[hdl9, hdl190]})
[hdl9, hdl186]
(\ref{[hdl9, hdl186]})
(\ref{[hdl9, hdl186]})
[hdl9, hdl178]
(\ref{[hdl9, hdl178]})
(\ref{[hdl9, hdl178]})
[hdl9, hdl177]
(\ref{[hdl9, hdl177]})
(\ref{[hdl9, hdl177]})
[hdl9, hdl176]
(\ref{[hdl9, hdl176]})
(\ref{[hdl9, hdl176]})
[hdl9, hdl174]
(\ref{[hdl9, hdl174]})
(\ref{[hdl9, hdl174]})
[hdl9, hdl173]
(\ref{[hdl9, hdl173]})
(\ref{[hdl9, hdl173]})
[hdl9, hdl172]
(\ref{[hdl9, hdl172]})
(\ref{[hdl9, hdl172]})
[hdl9, hdl171]
(\ref{[hdl9, hdl171]})
(\ref{[hdl9, hdl171]})
[hdl9, hdl170]
(\ref{[hdl9, hdl170]})
(\ref{[hdl9, hdl170]})
[hdl9, hdl168]
(\ref{[hdl9, hdl168]})
(\ref{[hdl9, hdl168]})
[hdl9, hdl163]
(\ref{[hdl9, hdl163]})
(\ref{[hdl9, hdl163]})
[hdl9, hdl162]
(\ref{[hdl9, hdl162]})
(\ref{[hdl9, hdl162]})
[hdl9, hdl161]
(\ref{[hdl9, hdl161]})
(\ref{[hdl9, hdl161]})
[hdl9, hdl160]
(\ref{[hdl9, hdl160]})
(\ref{[hdl9, hdl160]})
[hdl9, hdl155]
(\ref{[hdl9, hdl155]})
(\ref{[hdl9, hdl155]})
[hdl9, hdl152]
(\ref{[hdl9, hdl152]})
(\ref{[hdl9, hdl152]})
[hdl9, hdl150]
(\ref{[hdl9, hdl150]})
(\ref{[hdl9, hdl150]})
[hdl9, hdl148]
(\ref{[hdl9, hdl148]})
(\ref{[hdl9, hdl148]})
[hdl9, hdl144]
(\ref{[hdl9, hdl144]})
(\ref{[hdl9, hdl144]})
[hdl9, hdl143]
(\ref{[hdl9, hdl143]})
(\ref{[hdl9, hdl143]})
[hdl9, hdl142]
(\ref{[hdl9, hdl142]})
(\ref{[hdl9, hdl142]})
[hdl9, hdl138]
(\ref{[hdl9, hdl138]})
(\ref{[hdl9, hdl138]})
[hdl9, hdl136]
(\ref{[hdl9, hdl136]})
(\ref{[hdl9, hdl136]})
[hdl9, hdl134]
(\ref{[hdl9, hdl134]})
(\ref{[hdl9, hdl134]})
[hdl9, hdl132]
(\ref{[hdl9, hdl132]})
(\ref{[hdl9, hdl132]})
[hdl9, hdl131]
(\ref{[hdl9, hdl131]})
(\ref{[hdl9, hdl131]})
[hdl9, hdl130]
(\ref{[hdl9, hdl130]})
(\ref{[hdl9, hdl130]})
[hdl9, hdl128]
(\ref{[hdl9, hdl128]})
(\ref{[hdl9, hdl128]})
[hdl9, hdl126]
(\ref{[hdl9, hdl126]})
(\ref{[hdl9, hdl126]})
[hdl9, hdl120]
(\ref{[hdl9, hdl120]})
(\ref{[hdl9, hdl120]})
[hdl9, hdl119]
(\ref{[hdl9, hdl119]})
(\ref{[hdl9, hdl119]})
[hdl9, hdl117]
(\ref{[hdl9, hdl117]})
(\ref{[hdl9, hdl117]})
[hdl9, hdl114]
(\ref{[hdl9, hdl114]})
(\ref{[hdl9, hdl114]})
[hdl9, hdl113]
(\ref{[hdl9, hdl113]})
(\ref{[hdl9, hdl113]})
[hdl9, hdl112]
(\ref{[hdl9, hdl112]})
(\ref{[hdl9, hdl112]})
[hdl9, hdl111]
(\ref{[hdl9, hdl111]})
(\ref{[hdl9, hdl111]})
[hdl9, hdl109]
(\ref{[hdl9, hdl109]})
(\ref{[hdl9, hdl109]})
[hdl9, hdl108]
(\ref{[hdl9, hdl108]})
(\ref{[hdl9, hdl108]})
[hdl9, hdl107]
(\ref{[hdl9, hdl107]})
(\ref{[hdl9, hdl107]})
[hdl9, hdl101]
(\ref{[hdl9, hdl101]})
(\ref{[hdl9, hdl101]})
[hdl9, hdl100]
(\ref{[hdl9, hdl100]})
(\ref{[hdl9, hdl100]})
[hdl9, hdl95]
(\ref{[hdl9, hdl95]})
(\ref{[hdl9, hdl95]})
[hdl9, hdl94]
(\ref{[hdl9, hdl94]})
(\ref{[hdl9, hdl94]})
[hdl9, hdl90]
(\ref{[hdl9, hdl90]})
(\ref{[hdl9, hdl90]})
[hdl9, hdl89]
(\ref{[hdl9, hdl89]})
(\ref{[hdl9, hdl89]})
[hdl9, hdl85]
(\ref{[hdl9, hdl85]})
(\ref{[hdl9, hdl85]})
[hdl9, hdl80]
(\ref{[hdl9, hdl80]})
(\ref{[hdl9, hdl80]})
[hdl9, hdl78]
(\ref{[hdl9, hdl78]})
(\ref{[hdl9, hdl78]})
[hdl9, hdl77]
(\ref{[hdl9, hdl77]})
(\ref{[hdl9, hdl77]})
[hdl9, hdl76]
(\ref{[hdl9, hdl76]})
(\ref{[hdl9, hdl76]})
[hdl9, hdl74]
(\ref{[hdl9, hdl74]})
(\ref{[hdl9, hdl74]})
[hdl9, hdl69]
(\ref{[hdl9, hdl69]})
(\ref{[hdl9, hdl69]})
[hdl9, hdl67]
(\ref{[hdl9, hdl67]})
(\ref{[hdl9, hdl67]})
[hdl9, hdl66]
(\ref{[hdl9, hdl66]})
(\ref{[hdl9, hdl66]})
[hdl9, hdl62]
(\ref{[hdl9, hdl62]})
(\ref{[hdl9, hdl62]})
[hdl9, hdl56]
(\ref{[hdl9, hdl56]})
(\ref{[hdl9, hdl56]})
[hdl9, hdl55]
(\ref{[hdl9, hdl55]})
(\ref{[hdl9, hdl55]})
[hdl9, hdl48]
(\ref{[hdl9, hdl48]})
(\ref{[hdl9, hdl48]})
[hdl9, hdl44]
(\ref{[hdl9, hdl44]})
(\ref{[hdl9, hdl44]})
[hdl9, hdl42]
(\ref{[hdl9, hdl42]})
(\ref{[hdl9, hdl42]})
[hdl9, hdl39]
(\ref{[hdl9, hdl39]})
(\ref{[hdl9, hdl39]})
[hdl9, hdl36]
(\ref{[hdl9, hdl36]})
(\ref{[hdl9, hdl36]})
[hdl9, hdl35]
(\ref{[hdl9, hdl35]})
(\ref{[hdl9, hdl35]})
[hdl9, hdl31]
(\ref{[hdl9, hdl31]})
(\ref{[hdl9, hdl31]})
[hdl9, hdl28]
(\ref{[hdl9, hdl28]})
(\ref{[hdl9, hdl28]})
[hdl9, hdl25]
(\ref{[hdl9, hdl25]})
(\ref{[hdl9, hdl25]})
[hdl9, hdl24]
(\ref{[hdl9, hdl24]})
(\ref{[hdl9, hdl24]})
[hdl9, hdl21]
(\ref{[hdl9, hdl21]})
(\ref{[hdl9, hdl21]})
[hdl9, hdl20]
(\ref{[hdl9, hdl20]})
(\ref{[hdl9, hdl20]})
[hdl9, hdl19]
(\ref{[hdl9, hdl19]})
(\ref{[hdl9, hdl19]})
[hdl9, hdl18]
(\ref{[hdl9, hdl18]})
(\ref{[hdl9, hdl18]})
[hdl9, hdl16]
(\ref{[hdl9, hdl16]})
(\ref{[hdl9, hdl16]})
[hdl9, hdl15]
(\ref{[hdl9, hdl15]})
(\ref{[hdl9, hdl15]})
[ax(1, 1), 0]
$ $associativity$ $
$ $\ilfUpCase{a}ssociativity$ $
[ax(1, 7), 0]
$ s-$elimination$ $
$ \ilfUpCase{s}-$elimination$ $
[ax(1, 3), 0]
$ $'-annihilation$ $
$ $'-annihilation$ $
[ax(1, 4), 0]
$ $'-commutativity$ $
$ $'-commutativity$ $
[ax(1, 2), 0]
$ $'-involution$ $
$ $'-involution$ $
[ax(1, 8), 0]
$ s$ gets root of square $ $
$ \ilfUpCase{s}$ gets root of square $ $
[ax(1, 10), 0]
$ $self-square is $f-$fixpoint$ $
$ $\ilfUpCase{s}elf-square is $f-$fixpoint$ $
[ax(1, 5), 0]
$ f-$distribution$ $
$ \ilfUpCase{f}-$distribution$ $
[ax(1, 6), 0]
$ f-$involution$ $
$ \ilfUpCase{f}-$involution$ $
[ax(1, 9), 0]
$ f-$fixpoint is self-square$ $
$ \ilfUpCase{f}-$fixpoint is self-square$ $
