[sub(1, 1), 904]
[hdl1, hdl146]
[hdl1, hdl145]
[hdl1, hdl144]
[hdl1, hdl143]
[hdl1, hdl142]
[hdl1, hdl140]
[hdl1, hdl178]
[hdl1, hdl138]
[hdl1, hdl137]
[hdl1, hdl136]
[hdl1, hdl135]
[hdl1, hdl134]
[hdl1, hdl133]
[hdl1, hdl132]
[hdl1, hdl130]
[hdl1, hdl129]
[hdl1, hdl128]
[hdl1, hdl126]
[hdl1, hdl123]
[hdl1, hdl121]
[hdl1, hdl120]
[hdl1, hdl119]
[hdl1, hdl118]
[hdl1, hdl116]
[hdl1, hdl174]
[hdl1, hdl115]
[hdl1, hdl114]
[hdl1, hdl111]
[hdl1, hdl110]
[hdl1, hdl109]
[hdl1, hdl105]
[hdl1, hdl104]
[hdl1, hdl172]
[hdl1, hdl103]
[hdl1, hdl101]
[hdl1, hdl99]
[hdl1, hdl169]
[hdl1, hdl96]
[hdl1, hdl95]
[hdl1, hdl93]
[hdl1, hdl91]
[hdl1, hdl167]
[hdl1, hdl168]
[hdl1, hdl89]
[hdl1, hdl87]
[hdl1, hdl86]
[hdl1, hdl82]
[hdl1, hdl81]
[hdl1, hdl80]
[hdl1, hdl79]
[hdl1, hdl175]
[hdl1, hdl77]
[hdl1, hdl73]
[hdl1, hdl71]
[hdl1, hdl69]
[hdl1, hdl165]
[hdl1, hdl68]
[hdl1, hdl61]
[hdl1, hdl59]
[hdl1, hdl58]
[hdl1, hdl54]
[hdl1, hdl52]
[hdl1, hdl50]
[hdl1, hdl161]
[hdl1, hdl48]
[hdl1, hdl45]
[hdl1, hdl44]
[hdl1, hdl41]
[hdl1, hdl35]
[hdl1, hdl34]
[hdl1, hdl32]
[hdl1, hdl31]
[hdl1, hdl156]
[hdl1, hdl30]
[hdl1, hdl29]
[hdl1, hdl26]
[hdl1, hdl25]
[hdl1, hdl24]
[hdl1, hdl22]
[hdl1, hdl19]
[hdl1, hdl16]
[hdl1, hdl15]
[hdl1, hdl14]
[hdl1, hdl151]
[hdl1, hdl152]
[hdl1, hdl153]
[hdl1, hdl13]
[hdl1, hdl12]
[hdl1, hdl11]
[hdl1, hdl8]
[hdl1, hdl4]
[hdl1, hdl147]
[hdl1, hdl148]
[hdl1, hdl149]

[sub(1, 1), 904]
(\ref{[sub(1, 1), 904]})
(\ref{[sub(1, 1), 904]})
[hdl1, hdl146]
(\ref{[hdl1, hdl146]})
(\ref{[hdl1, hdl146]})
[hdl1, hdl145]
(\ref{[hdl1, hdl145]})
(\ref{[hdl1, hdl145]})
[hdl1, hdl144]
(\ref{[hdl1, hdl144]})
(\ref{[hdl1, hdl144]})
[hdl1, hdl143]
(\ref{[hdl1, hdl143]})
(\ref{[hdl1, hdl143]})
[hdl1, hdl142]
(\ref{[hdl1, hdl142]})
(\ref{[hdl1, hdl142]})
[hdl1, hdl140]
(\ref{[hdl1, hdl140]})
(\ref{[hdl1, hdl140]})
[hdl1, hdl178]
(\ref{[hdl1, hdl178]})
(\ref{[hdl1, hdl178]})
[hdl1, hdl138]
(\ref{[hdl1, hdl138]})
(\ref{[hdl1, hdl138]})
[hdl1, hdl137]
(\ref{[hdl1, hdl137]})
(\ref{[hdl1, hdl137]})
[hdl1, hdl136]
(\ref{[hdl1, hdl136]})
(\ref{[hdl1, hdl136]})
[hdl1, hdl135]
(\ref{[hdl1, hdl135]})
(\ref{[hdl1, hdl135]})
[hdl1, hdl134]
(\ref{[hdl1, hdl134]})
(\ref{[hdl1, hdl134]})
[hdl1, hdl133]
(\ref{[hdl1, hdl133]})
(\ref{[hdl1, hdl133]})
[hdl1, hdl132]
(\ref{[hdl1, hdl132]})
(\ref{[hdl1, hdl132]})
[hdl1, hdl130]
(\ref{[hdl1, hdl130]})
(\ref{[hdl1, hdl130]})
[hdl1, hdl129]
(\ref{[hdl1, hdl129]})
(\ref{[hdl1, hdl129]})
[hdl1, hdl128]
(\ref{[hdl1, hdl128]})
(\ref{[hdl1, hdl128]})
[hdl1, hdl126]
(\ref{[hdl1, hdl126]})
(\ref{[hdl1, hdl126]})
[hdl1, hdl123]
(\ref{[hdl1, hdl123]})
(\ref{[hdl1, hdl123]})
[hdl1, hdl121]
(\ref{[hdl1, hdl121]})
(\ref{[hdl1, hdl121]})
[hdl1, hdl120]
(\ref{[hdl1, hdl120]})
(\ref{[hdl1, hdl120]})
[hdl1, hdl119]
(\ref{[hdl1, hdl119]})
(\ref{[hdl1, hdl119]})
[hdl1, hdl118]
(\ref{[hdl1, hdl118]})
(\ref{[hdl1, hdl118]})
[hdl1, hdl116]
(\ref{[hdl1, hdl116]})
(\ref{[hdl1, hdl116]})
[hdl1, hdl174]
(\ref{[hdl1, hdl174]})
(\ref{[hdl1, hdl174]})
[hdl1, hdl115]
(\ref{[hdl1, hdl115]})
(\ref{[hdl1, hdl115]})
[hdl1, hdl114]
(\ref{[hdl1, hdl114]})
(\ref{[hdl1, hdl114]})
[hdl1, hdl111]
(\ref{[hdl1, hdl111]})
(\ref{[hdl1, hdl111]})
[hdl1, hdl110]
(\ref{[hdl1, hdl110]})
(\ref{[hdl1, hdl110]})
[hdl1, hdl109]
(\ref{[hdl1, hdl109]})
(\ref{[hdl1, hdl109]})
[hdl1, hdl105]
(\ref{[hdl1, hdl105]})
(\ref{[hdl1, hdl105]})
[hdl1, hdl104]
(\ref{[hdl1, hdl104]})
(\ref{[hdl1, hdl104]})
[hdl1, hdl172]
(\ref{[hdl1, hdl172]})
(\ref{[hdl1, hdl172]})
[hdl1, hdl103]
(\ref{[hdl1, hdl103]})
(\ref{[hdl1, hdl103]})
[hdl1, hdl101]
(\ref{[hdl1, hdl101]})
(\ref{[hdl1, hdl101]})
[hdl1, hdl99]
(\ref{[hdl1, hdl99]})
(\ref{[hdl1, hdl99]})
[hdl1, hdl169]
(\ref{[hdl1, hdl169]})
(\ref{[hdl1, hdl169]})
[hdl1, hdl96]
(\ref{[hdl1, hdl96]})
(\ref{[hdl1, hdl96]})
[hdl1, hdl95]
(\ref{[hdl1, hdl95]})
(\ref{[hdl1, hdl95]})
[hdl1, hdl93]
(\ref{[hdl1, hdl93]})
(\ref{[hdl1, hdl93]})
[hdl1, hdl91]
(\ref{[hdl1, hdl91]})
(\ref{[hdl1, hdl91]})
[hdl1, hdl167]
(\ref{[hdl1, hdl167]})
(\ref{[hdl1, hdl167]})
[hdl1, hdl168]
(\ref{[hdl1, hdl168]})
(\ref{[hdl1, hdl168]})
[hdl1, hdl89]
(\ref{[hdl1, hdl89]})
(\ref{[hdl1, hdl89]})
[hdl1, hdl87]
(\ref{[hdl1, hdl87]})
(\ref{[hdl1, hdl87]})
[hdl1, hdl86]
(\ref{[hdl1, hdl86]})
(\ref{[hdl1, hdl86]})
[hdl1, hdl82]
(\ref{[hdl1, hdl82]})
(\ref{[hdl1, hdl82]})
[hdl1, hdl81]
(\ref{[hdl1, hdl81]})
(\ref{[hdl1, hdl81]})
[hdl1, hdl80]
(\ref{[hdl1, hdl80]})
(\ref{[hdl1, hdl80]})
[hdl1, hdl79]
(\ref{[hdl1, hdl79]})
(\ref{[hdl1, hdl79]})
[hdl1, hdl175]
(\ref{[hdl1, hdl175]})
(\ref{[hdl1, hdl175]})
[hdl1, hdl77]
(\ref{[hdl1, hdl77]})
(\ref{[hdl1, hdl77]})
[hdl1, hdl73]
(\ref{[hdl1, hdl73]})
(\ref{[hdl1, hdl73]})
[hdl1, hdl71]
(\ref{[hdl1, hdl71]})
(\ref{[hdl1, hdl71]})
[hdl1, hdl69]
(\ref{[hdl1, hdl69]})
(\ref{[hdl1, hdl69]})
[hdl1, hdl165]
(\ref{[hdl1, hdl165]})
(\ref{[hdl1, hdl165]})
[hdl1, hdl68]
(\ref{[hdl1, hdl68]})
(\ref{[hdl1, hdl68]})
[hdl1, hdl61]
(\ref{[hdl1, hdl61]})
(\ref{[hdl1, hdl61]})
[hdl1, hdl59]
(\ref{[hdl1, hdl59]})
(\ref{[hdl1, hdl59]})
[hdl1, hdl58]
(\ref{[hdl1, hdl58]})
(\ref{[hdl1, hdl58]})
[hdl1, hdl54]
(\ref{[hdl1, hdl54]})
(\ref{[hdl1, hdl54]})
[hdl1, hdl52]
(\ref{[hdl1, hdl52]})
(\ref{[hdl1, hdl52]})
[hdl1, hdl50]
(\ref{[hdl1, hdl50]})
(\ref{[hdl1, hdl50]})
[hdl1, hdl161]
(\ref{[hdl1, hdl161]})
(\ref{[hdl1, hdl161]})
[hdl1, hdl48]
(\ref{[hdl1, hdl48]})
(\ref{[hdl1, hdl48]})
[hdl1, hdl45]
(\ref{[hdl1, hdl45]})
(\ref{[hdl1, hdl45]})
[hdl1, hdl44]
(\ref{[hdl1, hdl44]})
(\ref{[hdl1, hdl44]})
[hdl1, hdl41]
(\ref{[hdl1, hdl41]})
(\ref{[hdl1, hdl41]})
[hdl1, hdl35]
(\ref{[hdl1, hdl35]})
(\ref{[hdl1, hdl35]})
[hdl1, hdl34]
(\ref{[hdl1, hdl34]})
(\ref{[hdl1, hdl34]})
[hdl1, hdl32]
(\ref{[hdl1, hdl32]})
(\ref{[hdl1, hdl32]})
[hdl1, hdl31]
(\ref{[hdl1, hdl31]})
(\ref{[hdl1, hdl31]})
[hdl1, hdl156]
(\ref{[hdl1, hdl156]})
(\ref{[hdl1, hdl156]})
[hdl1, hdl30]
(\ref{[hdl1, hdl30]})
(\ref{[hdl1, hdl30]})
[hdl1, hdl29]
(\ref{[hdl1, hdl29]})
(\ref{[hdl1, hdl29]})
[hdl1, hdl26]
(\ref{[hdl1, hdl26]})
(\ref{[hdl1, hdl26]})
[hdl1, hdl25]
(\ref{[hdl1, hdl25]})
(\ref{[hdl1, hdl25]})
[hdl1, hdl24]
(\ref{[hdl1, hdl24]})
(\ref{[hdl1, hdl24]})
[hdl1, hdl22]
(\ref{[hdl1, hdl22]})
(\ref{[hdl1, hdl22]})
[hdl1, hdl19]
(\ref{[hdl1, hdl19]})
(\ref{[hdl1, hdl19]})
[hdl1, hdl16]
(\ref{[hdl1, hdl16]})
(\ref{[hdl1, hdl16]})
[hdl1, hdl15]
(\ref{[hdl1, hdl15]})
(\ref{[hdl1, hdl15]})
[hdl1, hdl14]
(\ref{[hdl1, hdl14]})
(\ref{[hdl1, hdl14]})
[hdl1, hdl151]
(\ref{[hdl1, hdl151]})
(\ref{[hdl1, hdl151]})
[hdl1, hdl152]
(\ref{[hdl1, hdl152]})
(\ref{[hdl1, hdl152]})
[hdl1, hdl153]
(\ref{[hdl1, hdl153]})
(\ref{[hdl1, hdl153]})
[hdl1, hdl13]
(\ref{[hdl1, hdl13]})
(\ref{[hdl1, hdl13]})
[hdl1, hdl12]
(\ref{[hdl1, hdl12]})
(\ref{[hdl1, hdl12]})
[hdl1, hdl11]
(\ref{[hdl1, hdl11]})
(\ref{[hdl1, hdl11]})
[hdl1, hdl8]
(\ref{[hdl1, hdl8]})
(\ref{[hdl1, hdl8]})
[hdl1, hdl4]
(\ref{[hdl1, hdl4]})
(\ref{[hdl1, hdl4]})
[hdl1, hdl147]
(\ref{[hdl1, hdl147]})
(\ref{[hdl1, hdl147]})
[hdl1, hdl148]
(\ref{[hdl1, hdl148]})
(\ref{[hdl1, hdl148]})
[hdl1, hdl149]
(\ref{[hdl1, hdl149]})
(\ref{[hdl1, hdl149]})
[ax(1, 3), 0]
$ $'-annihilation$ $
$ $'-annihilation$ $
[ax(1, 4), 0]
$ $'-commutativity$ $
$ $'-commutativity$ $
[ax(1, 1), 0]
$ $associativity$ $
$ $\ilfUpCase{a}ssociativity$ $
[ax(1, 7), 0]
$ s-$elimination$ $
$ \ilfUpCase{s}-$elimination$ $
[ax(1, 8), 0]
$ s$ gets root of square $ $
$ \ilfUpCase{s}$ gets root of square $ $
[ax(1, 2), 0]
$ $'-involution$ $
$ $'-involution$ $
[ax(1, 5), 0]
$ f-$distribution$ $
$ \ilfUpCase{f}-$distribution$ $
[ax(1, 6), 0]
$ f-$involution$ $
$ \ilfUpCase{f}-$involution$ $
[ax(1, 10), 0]
$ $self-square is $f-$fixpoint$ $
$ $\ilfUpCase{s}elf-square is $f-$fixpoint$ $
[ax(1, 9), 0]
$ f-$fixpoint is self-square$ $
$ \ilfUpCase{f}-$fixpoint is self-square$ $
