[1, 1]
[sub(1, 1), ax(6)]
[sub(1, 1), 65]
[sub(1, 1), 66]
[sub(1, 1), 70]
[sub(1, 1), 72]
[sub(1, 1), 81]
[sub(1, 1), 123]
[sub(1, 1), 167]
[sub(1, 1), 905]
[hdl6, hdl146]
[hdl6, hdl145]
[hdl6, hdl143]
[hdl6, hdl142]
[hdl6, hdl141]
[hdl6, hdl140]
[hdl6, hdl139]
[hdl6, hdl138]
[hdl6, hdl136]
[hdl6, hdl135]
[hdl6, hdl134]
[hdl6, hdl132]
[hdl6, hdl129]
[hdl6, hdl127]
[hdl6, hdl126]
[hdl6, hdl125]
[hdl6, hdl124]
[hdl6, hdl122]
[hdl6, hdl174]
[hdl6, hdl121]
[hdl6, hdl120]
[hdl6, hdl117]
[hdl6, hdl116]
[hdl6, hdl113]
[hdl6, hdl172]
[hdl6, hdl112]
[hdl6, hdl110]
[hdl6, hdl108]
[hdl6, hdl170]
[hdl6, hdl105]
[hdl6, hdl104]
[hdl6, hdl102]
[hdl6, hdl100]
[hdl6, hdl168]
[hdl6, hdl169]
[hdl6, hdl98]
[hdl6, hdl96]
[hdl6, hdl95]
[hdl6, hdl91]
[hdl6, hdl90]
[hdl6, hdl89]
[hdl6, hdl88]
[hdl6, hdl175]
[hdl6, hdl86]
[hdl6, hdl82]
[hdl6, hdl80]
[hdl6, hdl78]
[hdl6, hdl166]
[hdl6, hdl77]
[hdl6, hdl70]
[hdl6, hdl68]
[hdl6, hdl67]
[hdl6, hdl63]
[hdl6, hdl61]
[hdl6, hdl59]
[hdl6, hdl162]
[hdl6, hdl57]
[hdl6, hdl54]
[hdl6, hdl53]
[hdl6, hdl50]
[hdl6, hdl44]
[hdl6, hdl43]
[hdl6, hdl41]
[hdl6, hdl40]
[hdl6, hdl157]
[hdl6, hdl39]
[hdl6, hdl38]
[hdl6, hdl35]
[hdl6, hdl34]
[hdl6, hdl33]
[hdl6, hdl31]
[hdl6, hdl28]
[hdl6, hdl25]
[hdl6, hdl24]
[hdl6, hdl23]
[hdl6, hdl152]
[hdl6, hdl153]
[hdl6, hdl154]
[hdl6, hdl22]
[hdl6, hdl21]
[hdl6, hdl20]
[hdl6, hdl17]
[hdl6, hdl13]
[hdl6, hdl148]
[hdl6, hdl149]
[hdl6, hdl150]
[hdl6, hdl12]

[1, 1]
(\ref{[1, 1]})
(\ref{[1, 1]})
[sub(1, 1), ax(6)]
(\ref{[sub(1, 1), ax(6)]})
(\ref{[sub(1, 1), ax(6)]})
[sub(1, 1), 65]
(\ref{[sub(1, 1), 65]})
(\ref{[sub(1, 1), 65]})
[sub(1, 1), 66]
(\ref{[sub(1, 1), 66]})
(\ref{[sub(1, 1), 66]})
[sub(1, 1), 70]
(\ref{[sub(1, 1), 70]})
(\ref{[sub(1, 1), 70]})
[sub(1, 1), 72]
(\ref{[sub(1, 1), 72]})
(\ref{[sub(1, 1), 72]})
[sub(1, 1), 81]
(\ref{[sub(1, 1), 81]})
(\ref{[sub(1, 1), 81]})
[sub(1, 1), 123]
(\ref{[sub(1, 1), 123]})
(\ref{[sub(1, 1), 123]})
[sub(1, 1), 167]
(\ref{[sub(1, 1), 167]})
(\ref{[sub(1, 1), 167]})
[sub(1, 1), 905]
(\ref{[sub(1, 1), 905]})
(\ref{[sub(1, 1), 905]})
[hdl6, hdl146]
(\ref{[hdl6, hdl146]})
(\ref{[hdl6, hdl146]})
[hdl6, hdl145]
(\ref{[hdl6, hdl145]})
(\ref{[hdl6, hdl145]})
[hdl6, hdl143]
(\ref{[hdl6, hdl143]})
(\ref{[hdl6, hdl143]})
[hdl6, hdl142]
(\ref{[hdl6, hdl142]})
(\ref{[hdl6, hdl142]})
[hdl6, hdl141]
(\ref{[hdl6, hdl141]})
(\ref{[hdl6, hdl141]})
[hdl6, hdl140]
(\ref{[hdl6, hdl140]})
(\ref{[hdl6, hdl140]})
[hdl6, hdl139]
(\ref{[hdl6, hdl139]})
(\ref{[hdl6, hdl139]})
[hdl6, hdl138]
(\ref{[hdl6, hdl138]})
(\ref{[hdl6, hdl138]})
[hdl6, hdl136]
(\ref{[hdl6, hdl136]})
(\ref{[hdl6, hdl136]})
[hdl6, hdl135]
(\ref{[hdl6, hdl135]})
(\ref{[hdl6, hdl135]})
[hdl6, hdl134]
(\ref{[hdl6, hdl134]})
(\ref{[hdl6, hdl134]})
[hdl6, hdl132]
(\ref{[hdl6, hdl132]})
(\ref{[hdl6, hdl132]})
[hdl6, hdl129]
(\ref{[hdl6, hdl129]})
(\ref{[hdl6, hdl129]})
[hdl6, hdl127]
(\ref{[hdl6, hdl127]})
(\ref{[hdl6, hdl127]})
[hdl6, hdl126]
(\ref{[hdl6, hdl126]})
(\ref{[hdl6, hdl126]})
[hdl6, hdl125]
(\ref{[hdl6, hdl125]})
(\ref{[hdl6, hdl125]})
[hdl6, hdl124]
(\ref{[hdl6, hdl124]})
(\ref{[hdl6, hdl124]})
[hdl6, hdl122]
(\ref{[hdl6, hdl122]})
(\ref{[hdl6, hdl122]})
[hdl6, hdl174]
(\ref{[hdl6, hdl174]})
(\ref{[hdl6, hdl174]})
[hdl6, hdl121]
(\ref{[hdl6, hdl121]})
(\ref{[hdl6, hdl121]})
[hdl6, hdl120]
(\ref{[hdl6, hdl120]})
(\ref{[hdl6, hdl120]})
[hdl6, hdl117]
(\ref{[hdl6, hdl117]})
(\ref{[hdl6, hdl117]})
[hdl6, hdl116]
(\ref{[hdl6, hdl116]})
(\ref{[hdl6, hdl116]})
[hdl6, hdl113]
(\ref{[hdl6, hdl113]})
(\ref{[hdl6, hdl113]})
[hdl6, hdl172]
(\ref{[hdl6, hdl172]})
(\ref{[hdl6, hdl172]})
[hdl6, hdl112]
(\ref{[hdl6, hdl112]})
(\ref{[hdl6, hdl112]})
[hdl6, hdl110]
(\ref{[hdl6, hdl110]})
(\ref{[hdl6, hdl110]})
[hdl6, hdl108]
(\ref{[hdl6, hdl108]})
(\ref{[hdl6, hdl108]})
[hdl6, hdl170]
(\ref{[hdl6, hdl170]})
(\ref{[hdl6, hdl170]})
[hdl6, hdl105]
(\ref{[hdl6, hdl105]})
(\ref{[hdl6, hdl105]})
[hdl6, hdl104]
(\ref{[hdl6, hdl104]})
(\ref{[hdl6, hdl104]})
[hdl6, hdl102]
(\ref{[hdl6, hdl102]})
(\ref{[hdl6, hdl102]})
[hdl6, hdl100]
(\ref{[hdl6, hdl100]})
(\ref{[hdl6, hdl100]})
[hdl6, hdl168]
(\ref{[hdl6, hdl168]})
(\ref{[hdl6, hdl168]})
[hdl6, hdl169]
(\ref{[hdl6, hdl169]})
(\ref{[hdl6, hdl169]})
[hdl6, hdl98]
(\ref{[hdl6, hdl98]})
(\ref{[hdl6, hdl98]})
[hdl6, hdl96]
(\ref{[hdl6, hdl96]})
(\ref{[hdl6, hdl96]})
[hdl6, hdl95]
(\ref{[hdl6, hdl95]})
(\ref{[hdl6, hdl95]})
[hdl6, hdl91]
(\ref{[hdl6, hdl91]})
(\ref{[hdl6, hdl91]})
[hdl6, hdl90]
(\ref{[hdl6, hdl90]})
(\ref{[hdl6, hdl90]})
[hdl6, hdl89]
(\ref{[hdl6, hdl89]})
(\ref{[hdl6, hdl89]})
[hdl6, hdl88]
(\ref{[hdl6, hdl88]})
(\ref{[hdl6, hdl88]})
[hdl6, hdl175]
(\ref{[hdl6, hdl175]})
(\ref{[hdl6, hdl175]})
[hdl6, hdl86]
(\ref{[hdl6, hdl86]})
(\ref{[hdl6, hdl86]})
[hdl6, hdl82]
(\ref{[hdl6, hdl82]})
(\ref{[hdl6, hdl82]})
[hdl6, hdl80]
(\ref{[hdl6, hdl80]})
(\ref{[hdl6, hdl80]})
[hdl6, hdl78]
(\ref{[hdl6, hdl78]})
(\ref{[hdl6, hdl78]})
[hdl6, hdl166]
(\ref{[hdl6, hdl166]})
(\ref{[hdl6, hdl166]})
[hdl6, hdl77]
(\ref{[hdl6, hdl77]})
(\ref{[hdl6, hdl77]})
[hdl6, hdl70]
(\ref{[hdl6, hdl70]})
(\ref{[hdl6, hdl70]})
[hdl6, hdl68]
(\ref{[hdl6, hdl68]})
(\ref{[hdl6, hdl68]})
[hdl6, hdl67]
(\ref{[hdl6, hdl67]})
(\ref{[hdl6, hdl67]})
[hdl6, hdl63]
(\ref{[hdl6, hdl63]})
(\ref{[hdl6, hdl63]})
[hdl6, hdl61]
(\ref{[hdl6, hdl61]})
(\ref{[hdl6, hdl61]})
[hdl6, hdl59]
(\ref{[hdl6, hdl59]})
(\ref{[hdl6, hdl59]})
[hdl6, hdl162]
(\ref{[hdl6, hdl162]})
(\ref{[hdl6, hdl162]})
[hdl6, hdl57]
(\ref{[hdl6, hdl57]})
(\ref{[hdl6, hdl57]})
[hdl6, hdl54]
(\ref{[hdl6, hdl54]})
(\ref{[hdl6, hdl54]})
[hdl6, hdl53]
(\ref{[hdl6, hdl53]})
(\ref{[hdl6, hdl53]})
[hdl6, hdl50]
(\ref{[hdl6, hdl50]})
(\ref{[hdl6, hdl50]})
[hdl6, hdl44]
(\ref{[hdl6, hdl44]})
(\ref{[hdl6, hdl44]})
[hdl6, hdl43]
(\ref{[hdl6, hdl43]})
(\ref{[hdl6, hdl43]})
[hdl6, hdl41]
(\ref{[hdl6, hdl41]})
(\ref{[hdl6, hdl41]})
[hdl6, hdl40]
(\ref{[hdl6, hdl40]})
(\ref{[hdl6, hdl40]})
[hdl6, hdl157]
(\ref{[hdl6, hdl157]})
(\ref{[hdl6, hdl157]})
[hdl6, hdl39]
(\ref{[hdl6, hdl39]})
(\ref{[hdl6, hdl39]})
[hdl6, hdl38]
(\ref{[hdl6, hdl38]})
(\ref{[hdl6, hdl38]})
[hdl6, hdl35]
(\ref{[hdl6, hdl35]})
(\ref{[hdl6, hdl35]})
[hdl6, hdl34]
(\ref{[hdl6, hdl34]})
(\ref{[hdl6, hdl34]})
[hdl6, hdl33]
(\ref{[hdl6, hdl33]})
(\ref{[hdl6, hdl33]})
[hdl6, hdl31]
(\ref{[hdl6, hdl31]})
(\ref{[hdl6, hdl31]})
[hdl6, hdl28]
(\ref{[hdl6, hdl28]})
(\ref{[hdl6, hdl28]})
[hdl6, hdl25]
(\ref{[hdl6, hdl25]})
(\ref{[hdl6, hdl25]})
[hdl6, hdl24]
(\ref{[hdl6, hdl24]})
(\ref{[hdl6, hdl24]})
[hdl6, hdl23]
(\ref{[hdl6, hdl23]})
(\ref{[hdl6, hdl23]})
[hdl6, hdl152]
(\ref{[hdl6, hdl152]})
(\ref{[hdl6, hdl152]})
[hdl6, hdl153]
(\ref{[hdl6, hdl153]})
(\ref{[hdl6, hdl153]})
[hdl6, hdl154]
(\ref{[hdl6, hdl154]})
(\ref{[hdl6, hdl154]})
[hdl6, hdl22]
(\ref{[hdl6, hdl22]})
(\ref{[hdl6, hdl22]})
[hdl6, hdl21]
(\ref{[hdl6, hdl21]})
(\ref{[hdl6, hdl21]})
[hdl6, hdl20]
(\ref{[hdl6, hdl20]})
(\ref{[hdl6, hdl20]})
[hdl6, hdl17]
(\ref{[hdl6, hdl17]})
(\ref{[hdl6, hdl17]})
[hdl6, hdl13]
(\ref{[hdl6, hdl13]})
(\ref{[hdl6, hdl13]})
[hdl6, hdl148]
(\ref{[hdl6, hdl148]})
(\ref{[hdl6, hdl148]})
[hdl6, hdl149]
(\ref{[hdl6, hdl149]})
(\ref{[hdl6, hdl149]})
[hdl6, hdl150]
(\ref{[hdl6, hdl150]})
(\ref{[hdl6, hdl150]})
[hdl6, hdl12]
(\ref{[hdl6, hdl12]})
(\ref{[hdl6, hdl12]})
[ax(1, 1), 0]
$ associativity $
$ \ilfUpCase{a}ssociativity $
