[hdl9, hdl34]
[hdl26, hdl237]
[hdl26, hdl236]
[hdl26, hdl235]
[hdl26, hdl234]
[hdl26, hdl233]
[hdl26, hdl232]
[hdl26, hdl231]
[hdl26, hdl228]
[hdl26, hdl227]
[hdl26, hdl226]
[hdl26, hdl225]
[hdl26, hdl224]
[hdl26, hdl223]
[hdl26, hdl222]
[hdl26, hdl221]
[hdl26, hdl220]
[hdl26, hdl219]
[hdl26, hdl218]
[hdl26, hdl214]
[hdl26, hdl206]
[hdl26, hdl205]
[hdl26, hdl204]
[hdl26, hdl202]
[hdl26, hdl201]
[hdl26, hdl200]
[hdl26, hdl199]
[hdl26, hdl198]
[hdl26, hdl196]
[hdl26, hdl191]
[hdl26, hdl190]
[hdl26, hdl189]
[hdl26, hdl188]
[hdl26, hdl183]
[hdl26, hdl180]
[hdl26, hdl178]
[hdl26, hdl176]
[hdl26, hdl172]
[hdl26, hdl171]
[hdl26, hdl170]
[hdl26, hdl166]
[hdl26, hdl164]
[hdl26, hdl162]
[hdl26, hdl160]
[hdl26, hdl159]
[hdl26, hdl158]
[hdl26, hdl156]
[hdl26, hdl154]
[hdl26, hdl148]
[hdl26, hdl147]
[hdl26, hdl145]
[hdl26, hdl142]
[hdl26, hdl141]
[hdl26, hdl140]
[hdl26, hdl139]
[hdl26, hdl137]
[hdl26, hdl136]
[hdl26, hdl135]
[hdl26, hdl129]
[hdl26, hdl128]
[hdl26, hdl123]
[hdl26, hdl122]
[hdl26, hdl118]
[hdl26, hdl117]
[hdl26, hdl113]
[hdl26, hdl108]
[hdl26, hdl106]
[hdl26, hdl105]
[hdl26, hdl104]
[hdl26, hdl102]
[hdl26, hdl97]
[hdl26, hdl95]
[hdl26, hdl94]
[hdl26, hdl90]
[hdl26, hdl84]
[hdl26, hdl83]
[hdl26, hdl76]
[hdl26, hdl72]
[hdl26, hdl70]
[hdl26, hdl67]
[hdl26, hdl64]
[hdl26, hdl63]
[hdl26, hdl59]
[hdl26, hdl52]
[hdl26, hdl49]
[hdl26, hdl48]
[hdl26, hdl45]
[hdl26, hdl44]
[hdl26, hdl43]
[hdl26, hdl42]
[hdl26, hdl40]
[hdl26, hdl39]

[hdl9, hdl34]
(\ref{[hdl9, hdl34]})
(\ref{[hdl9, hdl34]})
[hdl26, hdl237]
(\ref{[hdl26, hdl237]})
(\ref{[hdl26, hdl237]})
[hdl26, hdl236]
(\ref{[hdl26, hdl236]})
(\ref{[hdl26, hdl236]})
[hdl26, hdl235]
(\ref{[hdl26, hdl235]})
(\ref{[hdl26, hdl235]})
[hdl26, hdl234]
(\ref{[hdl26, hdl234]})
(\ref{[hdl26, hdl234]})
[hdl26, hdl233]
(\ref{[hdl26, hdl233]})
(\ref{[hdl26, hdl233]})
[hdl26, hdl232]
(\ref{[hdl26, hdl232]})
(\ref{[hdl26, hdl232]})
[hdl26, hdl231]
(\ref{[hdl26, hdl231]})
(\ref{[hdl26, hdl231]})
[hdl26, hdl228]
(\ref{[hdl26, hdl228]})
(\ref{[hdl26, hdl228]})
[hdl26, hdl227]
(\ref{[hdl26, hdl227]})
(\ref{[hdl26, hdl227]})
[hdl26, hdl226]
(\ref{[hdl26, hdl226]})
(\ref{[hdl26, hdl226]})
[hdl26, hdl225]
(\ref{[hdl26, hdl225]})
(\ref{[hdl26, hdl225]})
[hdl26, hdl224]
(\ref{[hdl26, hdl224]})
(\ref{[hdl26, hdl224]})
[hdl26, hdl223]
(\ref{[hdl26, hdl223]})
(\ref{[hdl26, hdl223]})
[hdl26, hdl222]
(\ref{[hdl26, hdl222]})
(\ref{[hdl26, hdl222]})
[hdl26, hdl221]
(\ref{[hdl26, hdl221]})
(\ref{[hdl26, hdl221]})
[hdl26, hdl220]
(\ref{[hdl26, hdl220]})
(\ref{[hdl26, hdl220]})
[hdl26, hdl219]
(\ref{[hdl26, hdl219]})
(\ref{[hdl26, hdl219]})
[hdl26, hdl218]
(\ref{[hdl26, hdl218]})
(\ref{[hdl26, hdl218]})
[hdl26, hdl214]
(\ref{[hdl26, hdl214]})
(\ref{[hdl26, hdl214]})
[hdl26, hdl206]
(\ref{[hdl26, hdl206]})
(\ref{[hdl26, hdl206]})
[hdl26, hdl205]
(\ref{[hdl26, hdl205]})
(\ref{[hdl26, hdl205]})
[hdl26, hdl204]
(\ref{[hdl26, hdl204]})
(\ref{[hdl26, hdl204]})
[hdl26, hdl202]
(\ref{[hdl26, hdl202]})
(\ref{[hdl26, hdl202]})
[hdl26, hdl201]
(\ref{[hdl26, hdl201]})
(\ref{[hdl26, hdl201]})
[hdl26, hdl200]
(\ref{[hdl26, hdl200]})
(\ref{[hdl26, hdl200]})
[hdl26, hdl199]
(\ref{[hdl26, hdl199]})
(\ref{[hdl26, hdl199]})
[hdl26, hdl198]
(\ref{[hdl26, hdl198]})
(\ref{[hdl26, hdl198]})
[hdl26, hdl196]
(\ref{[hdl26, hdl196]})
(\ref{[hdl26, hdl196]})
[hdl26, hdl191]
(\ref{[hdl26, hdl191]})
(\ref{[hdl26, hdl191]})
[hdl26, hdl190]
(\ref{[hdl26, hdl190]})
(\ref{[hdl26, hdl190]})
[hdl26, hdl189]
(\ref{[hdl26, hdl189]})
(\ref{[hdl26, hdl189]})
[hdl26, hdl188]
(\ref{[hdl26, hdl188]})
(\ref{[hdl26, hdl188]})
[hdl26, hdl183]
(\ref{[hdl26, hdl183]})
(\ref{[hdl26, hdl183]})
[hdl26, hdl180]
(\ref{[hdl26, hdl180]})
(\ref{[hdl26, hdl180]})
[hdl26, hdl178]
(\ref{[hdl26, hdl178]})
(\ref{[hdl26, hdl178]})
[hdl26, hdl176]
(\ref{[hdl26, hdl176]})
(\ref{[hdl26, hdl176]})
[hdl26, hdl172]
(\ref{[hdl26, hdl172]})
(\ref{[hdl26, hdl172]})
[hdl26, hdl171]
(\ref{[hdl26, hdl171]})
(\ref{[hdl26, hdl171]})
[hdl26, hdl170]
(\ref{[hdl26, hdl170]})
(\ref{[hdl26, hdl170]})
[hdl26, hdl166]
(\ref{[hdl26, hdl166]})
(\ref{[hdl26, hdl166]})
[hdl26, hdl164]
(\ref{[hdl26, hdl164]})
(\ref{[hdl26, hdl164]})
[hdl26, hdl162]
(\ref{[hdl26, hdl162]})
(\ref{[hdl26, hdl162]})
[hdl26, hdl160]
(\ref{[hdl26, hdl160]})
(\ref{[hdl26, hdl160]})
[hdl26, hdl159]
(\ref{[hdl26, hdl159]})
(\ref{[hdl26, hdl159]})
[hdl26, hdl158]
(\ref{[hdl26, hdl158]})
(\ref{[hdl26, hdl158]})
[hdl26, hdl156]
(\ref{[hdl26, hdl156]})
(\ref{[hdl26, hdl156]})
[hdl26, hdl154]
(\ref{[hdl26, hdl154]})
(\ref{[hdl26, hdl154]})
[hdl26, hdl148]
(\ref{[hdl26, hdl148]})
(\ref{[hdl26, hdl148]})
[hdl26, hdl147]
(\ref{[hdl26, hdl147]})
(\ref{[hdl26, hdl147]})
[hdl26, hdl145]
(\ref{[hdl26, hdl145]})
(\ref{[hdl26, hdl145]})
[hdl26, hdl142]
(\ref{[hdl26, hdl142]})
(\ref{[hdl26, hdl142]})
[hdl26, hdl141]
(\ref{[hdl26, hdl141]})
(\ref{[hdl26, hdl141]})
[hdl26, hdl140]
(\ref{[hdl26, hdl140]})
(\ref{[hdl26, hdl140]})
[hdl26, hdl139]
(\ref{[hdl26, hdl139]})
(\ref{[hdl26, hdl139]})
[hdl26, hdl137]
(\ref{[hdl26, hdl137]})
(\ref{[hdl26, hdl137]})
[hdl26, hdl136]
(\ref{[hdl26, hdl136]})
(\ref{[hdl26, hdl136]})
[hdl26, hdl135]
(\ref{[hdl26, hdl135]})
(\ref{[hdl26, hdl135]})
[hdl26, hdl129]
(\ref{[hdl26, hdl129]})
(\ref{[hdl26, hdl129]})
[hdl26, hdl128]
(\ref{[hdl26, hdl128]})
(\ref{[hdl26, hdl128]})
[hdl26, hdl123]
(\ref{[hdl26, hdl123]})
(\ref{[hdl26, hdl123]})
[hdl26, hdl122]
(\ref{[hdl26, hdl122]})
(\ref{[hdl26, hdl122]})
[hdl26, hdl118]
(\ref{[hdl26, hdl118]})
(\ref{[hdl26, hdl118]})
[hdl26, hdl117]
(\ref{[hdl26, hdl117]})
(\ref{[hdl26, hdl117]})
[hdl26, hdl113]
(\ref{[hdl26, hdl113]})
(\ref{[hdl26, hdl113]})
[hdl26, hdl108]
(\ref{[hdl26, hdl108]})
(\ref{[hdl26, hdl108]})
[hdl26, hdl106]
(\ref{[hdl26, hdl106]})
(\ref{[hdl26, hdl106]})
[hdl26, hdl105]
(\ref{[hdl26, hdl105]})
(\ref{[hdl26, hdl105]})
[hdl26, hdl104]
(\ref{[hdl26, hdl104]})
(\ref{[hdl26, hdl104]})
[hdl26, hdl102]
(\ref{[hdl26, hdl102]})
(\ref{[hdl26, hdl102]})
[hdl26, hdl97]
(\ref{[hdl26, hdl97]})
(\ref{[hdl26, hdl97]})
[hdl26, hdl95]
(\ref{[hdl26, hdl95]})
(\ref{[hdl26, hdl95]})
[hdl26, hdl94]
(\ref{[hdl26, hdl94]})
(\ref{[hdl26, hdl94]})
[hdl26, hdl90]
(\ref{[hdl26, hdl90]})
(\ref{[hdl26, hdl90]})
[hdl26, hdl84]
(\ref{[hdl26, hdl84]})
(\ref{[hdl26, hdl84]})
[hdl26, hdl83]
(\ref{[hdl26, hdl83]})
(\ref{[hdl26, hdl83]})
[hdl26, hdl76]
(\ref{[hdl26, hdl76]})
(\ref{[hdl26, hdl76]})
[hdl26, hdl72]
(\ref{[hdl26, hdl72]})
(\ref{[hdl26, hdl72]})
[hdl26, hdl70]
(\ref{[hdl26, hdl70]})
(\ref{[hdl26, hdl70]})
[hdl26, hdl67]
(\ref{[hdl26, hdl67]})
(\ref{[hdl26, hdl67]})
[hdl26, hdl64]
(\ref{[hdl26, hdl64]})
(\ref{[hdl26, hdl64]})
[hdl26, hdl63]
(\ref{[hdl26, hdl63]})
(\ref{[hdl26, hdl63]})
[hdl26, hdl59]
(\ref{[hdl26, hdl59]})
(\ref{[hdl26, hdl59]})
[hdl26, hdl52]
(\ref{[hdl26, hdl52]})
(\ref{[hdl26, hdl52]})
[hdl26, hdl49]
(\ref{[hdl26, hdl49]})
(\ref{[hdl26, hdl49]})
[hdl26, hdl48]
(\ref{[hdl26, hdl48]})
(\ref{[hdl26, hdl48]})
[hdl26, hdl45]
(\ref{[hdl26, hdl45]})
(\ref{[hdl26, hdl45]})
[hdl26, hdl44]
(\ref{[hdl26, hdl44]})
(\ref{[hdl26, hdl44]})
[hdl26, hdl43]
(\ref{[hdl26, hdl43]})
(\ref{[hdl26, hdl43]})
[hdl26, hdl42]
(\ref{[hdl26, hdl42]})
(\ref{[hdl26, hdl42]})
[hdl26, hdl40]
(\ref{[hdl26, hdl40]})
(\ref{[hdl26, hdl40]})
[hdl26, hdl39]
(\ref{[hdl26, hdl39]})
(\ref{[hdl26, hdl39]})
[ax(1, 3), 0]
$ $'-annihilation$ $
$ $'-annihilation$ $
[ax(1, 4), 0]
$ $'-commutativity$ $
$ $'-commutativity$ $
[ax(1, 1), 0]
$ $associativity$ $
$ $\ilfUpCase{a}ssociativity$ $
[ax(1, 5), 0]
$ f-$distribution$ $
$ \ilfUpCase{f}-$distribution$ $
[ax(1, 6), 0]
$ f-$involution$ $
$ \ilfUpCase{f}-$involution$ $
[ax(1, 7), 0]
$ s-$elimination$ $
$ \ilfUpCase{s}-$elimination$ $
[ax(1, 8), 0]
$ s$ gets root of square $ $
$ \ilfUpCase{s}$ gets root of square $ $
[ax(1, 2), 0]
$ $'-involution$ $
$ $'-involution$ $
[ax(1, 9), 0]
$ f-$fixpoint is self-square$ $
$ \ilfUpCase{f}-$fixpoint is self-square$ $
[ax(1, 10), 0]
$ $self-square is $f-$fixpoint$ $
$ $\ilfUpCase{s}elf-square is $f-$fixpoint$ $
